mode: set
github.com/poppsfs4za/backend-challenge/cmd/api/main.go:25.13,27.16 2 0
github.com/poppsfs4za/backend-challenge/cmd/api/main.go:27.16,29.3 1 0
github.com/poppsfs4za/backend-challenge/cmd/api/main.go:32.2,37.16 4 0
github.com/poppsfs4za/backend-challenge/cmd/api/main.go:37.16,39.3 1 0
github.com/poppsfs4za/backend-challenge/cmd/api/main.go:40.2,43.52 3 0
github.com/poppsfs4za/backend-challenge/cmd/api/main.go:43.52,45.3 1 0
github.com/poppsfs4za/backend-challenge/cmd/api/main.go:46.2,67.12 12 0
github.com/poppsfs4za/backend-challenge/cmd/api/main.go:67.12,68.93 1 0
github.com/poppsfs4za/backend-challenge/cmd/api/main.go:68.93,70.4 1 0
github.com/poppsfs4za/backend-challenge/cmd/api/main.go:72.2,81.48 6 0
github.com/poppsfs4za/backend-challenge/cmd/api/main.go:81.48,83.3 1 0
github.com/poppsfs4za/backend-challenge/cmd/api/main.go:84.2,84.55 1 0
github.com/poppsfs4za/backend-challenge/cmd/api/main.go:84.55,86.3 1 0
github.com/poppsfs4za/backend-challenge/cmd/api/main.go:87.2,87.20 1 0
github.com/poppsfs4za/backend-challenge/internal/adapter/outbound/memory/user_repository.go:21.42,23.2 1 1
github.com/poppsfs4za/backend-challenge/internal/adapter/outbound/memory/user_repository.go:25.76,30.35 3 1
github.com/poppsfs4za/backend-challenge/internal/adapter/outbound/memory/user_repository.go:30.35,31.32 1 1
github.com/poppsfs4za/backend-challenge/internal/adapter/outbound/memory/user_repository.go:31.32,33.4 1 1
github.com/poppsfs4za/backend-challenge/internal/adapter/outbound/memory/user_repository.go:36.2,42.12 5 1
github.com/poppsfs4za/backend-challenge/internal/adapter/outbound/memory/user_repository.go:45.88,50.9 4 1
github.com/poppsfs4za/backend-challenge/internal/adapter/outbound/memory/user_repository.go:50.9,52.3 1 1
github.com/poppsfs4za/backend-challenge/internal/adapter/outbound/memory/user_repository.go:53.2,54.17 2 1
github.com/poppsfs4za/backend-challenge/internal/adapter/outbound/memory/user_repository.go:57.94,61.28 3 1
github.com/poppsfs4za/backend-challenge/internal/adapter/outbound/memory/user_repository.go:61.28,62.23 1 1
github.com/poppsfs4za/backend-challenge/internal/adapter/outbound/memory/user_repository.go:62.23,65.4 2 1
github.com/poppsfs4za/backend-challenge/internal/adapter/outbound/memory/user_repository.go:67.2,67.32 1 0
github.com/poppsfs4za/backend-challenge/internal/adapter/outbound/memory/user_repository.go:70.76,75.28 4 1
github.com/poppsfs4za/backend-challenge/internal/adapter/outbound/memory/user_repository.go:75.28,78.3 2 1
github.com/poppsfs4za/backend-challenge/internal/adapter/outbound/memory/user_repository.go:81.2,81.38 1 1
github.com/poppsfs4za/backend-challenge/internal/adapter/outbound/memory/user_repository.go:81.38,83.3 1 1
github.com/poppsfs4za/backend-challenge/internal/adapter/outbound/memory/user_repository.go:84.2,84.17 1 1
github.com/poppsfs4za/backend-challenge/internal/adapter/outbound/memory/user_repository.go:87.100,92.9 4 1
github.com/poppsfs4za/backend-challenge/internal/adapter/outbound/memory/user_repository.go:92.9,94.3 1 1
github.com/poppsfs4za/backend-challenge/internal/adapter/outbound/memory/user_repository.go:96.2,96.17 1 1
github.com/poppsfs4za/backend-challenge/internal/adapter/outbound/memory/user_repository.go:96.17,97.39 1 0
github.com/poppsfs4za/backend-challenge/internal/adapter/outbound/memory/user_repository.go:97.39,98.45 1 0
github.com/poppsfs4za/backend-challenge/internal/adapter/outbound/memory/user_repository.go:98.45,100.5 1 0
github.com/poppsfs4za/backend-challenge/internal/adapter/outbound/memory/user_repository.go:102.3,102.18 1 0
github.com/poppsfs4za/backend-challenge/internal/adapter/outbound/memory/user_repository.go:104.2,104.16 1 1
github.com/poppsfs4za/backend-challenge/internal/adapter/outbound/memory/user_repository.go:104.16,106.3 1 1
github.com/poppsfs4za/backend-challenge/internal/adapter/outbound/memory/user_repository.go:108.2,109.17 2 1
github.com/poppsfs4za/backend-challenge/internal/adapter/outbound/memory/user_repository.go:112.71,116.31 3 1
github.com/poppsfs4za/backend-challenge/internal/adapter/outbound/memory/user_repository.go:116.31,118.3 1 0
github.com/poppsfs4za/backend-challenge/internal/adapter/outbound/memory/user_repository.go:119.2,120.12 2 1
github.com/poppsfs4za/backend-challenge/internal/adapter/outbound/memory/user_repository.go:123.68,127.2 3 1
github.com/poppsfs4za/backend-challenge/pkg/config/config.go:21.30,26.18 3 0
github.com/poppsfs4za/backend-challenge/pkg/config/config.go:26.18,28.3 1 0
github.com/poppsfs4za/backend-challenge/pkg/config/config.go:30.2,37.8 1 0
github.com/poppsfs4za/backend-challenge/pkg/config/config.go:40.42,41.34 1 0
github.com/poppsfs4za/backend-challenge/pkg/config/config.go:41.34,43.3 1 0
github.com/poppsfs4za/backend-challenge/pkg/config/config.go:44.2,44.17 1 0
github.com/poppsfs4za/backend-challenge/pkg/config/config.go:47.46,48.56 1 0
github.com/poppsfs4za/backend-challenge/pkg/config/config.go:48.56,50.3 1 0
github.com/poppsfs4za/backend-challenge/pkg/config/config.go:51.2,51.17 1 0
github.com/poppsfs4za/backend-challenge/pkg/middleware/auth.go:18.53,19.54 1 0
github.com/poppsfs4za/backend-challenge/pkg/middleware/auth.go:19.54,20.37 1 0
github.com/poppsfs4za/backend-challenge/pkg/middleware/auth.go:20.37,22.20 2 0
github.com/poppsfs4za/backend-challenge/pkg/middleware/auth.go:22.20,24.5 1 0
github.com/poppsfs4za/backend-challenge/pkg/middleware/auth.go:26.4,27.65 2 0
github.com/poppsfs4za/backend-challenge/pkg/middleware/auth.go:27.65,29.5 1 0
github.com/poppsfs4za/backend-challenge/pkg/middleware/auth.go:31.4,32.18 2 0
github.com/poppsfs4za/backend-challenge/pkg/middleware/auth.go:32.18,34.5 1 0
github.com/poppsfs4za/backend-challenge/pkg/middleware/auth.go:37.4,40.18 3 0
github.com/poppsfs4za/backend-challenge/pkg/middleware/logging.go:11.36,12.54 1 0
github.com/poppsfs4za/backend-challenge/pkg/middleware/logging.go:12.54,13.37 1 0
github.com/poppsfs4za/backend-challenge/pkg/middleware/logging.go:13.37,26.4 4 0
github.com/poppsfs4za/backend-challenge/pkg/jwt/jwt.go:28.63,30.2 1 0
github.com/poppsfs4za/backend-challenge/pkg/jwt/jwt.go:32.77,48.16 4 0
github.com/poppsfs4za/backend-challenge/pkg/jwt/jwt.go:48.16,50.3 1 0
github.com/poppsfs4za/backend-challenge/pkg/jwt/jwt.go:51.2,51.31 1 0
github.com/poppsfs4za/backend-challenge/pkg/jwt/jwt.go:56.60,59.86 2 0
github.com/poppsfs4za/backend-challenge/pkg/jwt/jwt.go:59.86,60.54 1 0
github.com/poppsfs4za/backend-challenge/pkg/jwt/jwt.go:60.54,62.4 1 0
github.com/poppsfs4za/backend-challenge/pkg/jwt/jwt.go:63.3,63.23 1 0
github.com/poppsfs4za/backend-challenge/pkg/jwt/jwt.go:66.2,66.32 1 0
github.com/poppsfs4za/backend-challenge/pkg/jwt/jwt.go:66.32,68.3 1 0
github.com/poppsfs4za/backend-challenge/pkg/jwt/jwt.go:69.2,69.20 1 0
github.com/poppsfs4za/backend-challenge/pkg/mongodb/mongodb.go:12.66,14.16 2 0
github.com/poppsfs4za/backend-challenge/pkg/mongodb/mongodb.go:14.16,16.3 1 0
github.com/poppsfs4za/backend-challenge/pkg/mongodb/mongodb.go:19.2,22.50 3 0
github.com/poppsfs4za/backend-challenge/pkg/mongodb/mongodb.go:22.50,24.3 1 0
github.com/poppsfs4za/backend-challenge/pkg/mongodb/mongodb.go:25.2,25.20 1 0
github.com/poppsfs4za/backend-challenge/pkg/hash/password.go:5.49,7.16 2 0
github.com/poppsfs4za/backend-challenge/pkg/hash/password.go:7.16,9.3 1 0
github.com/poppsfs4za/backend-challenge/pkg/hash/password.go:10.2,10.23 1 0
github.com/poppsfs4za/backend-challenge/pkg/hash/password.go:13.49,15.2 1 0
github.com/poppsfs4za/backend-challenge/internal/adapter/outbound/mongo/user_repository.go:26.47,34.2 1 0
github.com/poppsfs4za/backend-challenge/internal/adapter/outbound/mongo/user_repository.go:42.60,44.2 1 0
github.com/poppsfs4za/backend-challenge/internal/adapter/outbound/mongo/user_repository.go:47.67,53.2 2 0
github.com/poppsfs4za/backend-challenge/internal/adapter/outbound/mongo/user_repository.go:55.76,64.16 3 0
github.com/poppsfs4za/backend-challenge/internal/adapter/outbound/mongo/user_repository.go:64.16,65.37 1 0
github.com/poppsfs4za/backend-challenge/internal/adapter/outbound/mongo/user_repository.go:65.37,67.4 1 0
github.com/poppsfs4za/backend-challenge/internal/adapter/outbound/mongo/user_repository.go:68.3,68.13 1 0
github.com/poppsfs4za/backend-challenge/internal/adapter/outbound/mongo/user_repository.go:72.2,72.51 1 0
github.com/poppsfs4za/backend-challenge/internal/adapter/outbound/mongo/user_repository.go:72.51,74.3 1 0
github.com/poppsfs4za/backend-challenge/internal/adapter/outbound/mongo/user_repository.go:75.2,75.12 1 0
github.com/poppsfs4za/backend-challenge/internal/adapter/outbound/mongo/user_repository.go:78.88,80.16 2 0
github.com/poppsfs4za/backend-challenge/internal/adapter/outbound/mongo/user_repository.go:80.16,82.3 1 0
github.com/poppsfs4za/backend-challenge/internal/adapter/outbound/mongo/user_repository.go:84.2,85.91 2 0
github.com/poppsfs4za/backend-challenge/internal/adapter/outbound/mongo/user_repository.go:85.91,86.43 1 0
github.com/poppsfs4za/backend-challenge/internal/adapter/outbound/mongo/user_repository.go:86.43,88.4 1 0
github.com/poppsfs4za/backend-challenge/internal/adapter/outbound/mongo/user_repository.go:89.3,89.18 1 0
github.com/poppsfs4za/backend-challenge/internal/adapter/outbound/mongo/user_repository.go:91.2,91.28 1 0
github.com/poppsfs4za/backend-challenge/internal/adapter/outbound/mongo/user_repository.go:94.94,96.95 2 0
github.com/poppsfs4za/backend-challenge/internal/adapter/outbound/mongo/user_repository.go:96.95,97.43 1 0
github.com/poppsfs4za/backend-challenge/internal/adapter/outbound/mongo/user_repository.go:97.43,99.4 1 0
github.com/poppsfs4za/backend-challenge/internal/adapter/outbound/mongo/user_repository.go:100.3,100.18 1 0
github.com/poppsfs4za/backend-challenge/internal/adapter/outbound/mongo/user_repository.go:102.2,102.28 1 0
github.com/poppsfs4za/backend-challenge/internal/adapter/outbound/mongo/user_repository.go:105.76,109.16 3 0
github.com/poppsfs4za/backend-challenge/internal/adapter/outbound/mongo/user_repository.go:109.16,111.3 1 0
github.com/poppsfs4za/backend-challenge/internal/adapter/outbound/mongo/user_repository.go:112.2,115.44 3 0
github.com/poppsfs4za/backend-challenge/internal/adapter/outbound/mongo/user_repository.go:115.44,117.3 1 0
github.com/poppsfs4za/backend-challenge/internal/adapter/outbound/mongo/user_repository.go:119.2,120.25 2 0
github.com/poppsfs4za/backend-challenge/internal/adapter/outbound/mongo/user_repository.go:120.25,122.3 1 0
github.com/poppsfs4za/backend-challenge/internal/adapter/outbound/mongo/user_repository.go:123.2,123.19 1 0
github.com/poppsfs4za/backend-challenge/internal/adapter/outbound/mongo/user_repository.go:126.100,128.16 2 0
github.com/poppsfs4za/backend-challenge/internal/adapter/outbound/mongo/user_repository.go:128.16,130.3 1 0
github.com/poppsfs4za/backend-challenge/internal/adapter/outbound/mongo/user_repository.go:133.2,134.16 2 0
github.com/poppsfs4za/backend-challenge/internal/adapter/outbound/mongo/user_repository.go:134.16,136.3 1 0
github.com/poppsfs4za/backend-challenge/internal/adapter/outbound/mongo/user_repository.go:137.2,137.17 1 0
github.com/poppsfs4za/backend-challenge/internal/adapter/outbound/mongo/user_repository.go:137.17,139.3 1 0
github.com/poppsfs4za/backend-challenge/internal/adapter/outbound/mongo/user_repository.go:140.2,140.19 1 0
github.com/poppsfs4za/backend-challenge/internal/adapter/outbound/mongo/user_repository.go:140.19,142.3 1 0
github.com/poppsfs4za/backend-challenge/internal/adapter/outbound/mongo/user_repository.go:144.2,153.16 4 0
github.com/poppsfs4za/backend-challenge/internal/adapter/outbound/mongo/user_repository.go:153.16,154.43 1 0
github.com/poppsfs4za/backend-challenge/internal/adapter/outbound/mongo/user_repository.go:154.43,156.4 1 0
github.com/poppsfs4za/backend-challenge/internal/adapter/outbound/mongo/user_repository.go:157.3,157.37 1 0
github.com/poppsfs4za/backend-challenge/internal/adapter/outbound/mongo/user_repository.go:157.37,159.4 1 0
github.com/poppsfs4za/backend-challenge/internal/adapter/outbound/mongo/user_repository.go:160.3,160.18 1 0
github.com/poppsfs4za/backend-challenge/internal/adapter/outbound/mongo/user_repository.go:162.2,162.28 1 0
github.com/poppsfs4za/backend-challenge/internal/adapter/outbound/mongo/user_repository.go:165.71,167.16 2 0
github.com/poppsfs4za/backend-challenge/internal/adapter/outbound/mongo/user_repository.go:167.16,169.3 1 0
github.com/poppsfs4za/backend-challenge/internal/adapter/outbound/mongo/user_repository.go:171.2,172.16 2 0
github.com/poppsfs4za/backend-challenge/internal/adapter/outbound/mongo/user_repository.go:172.16,174.3 1 0
github.com/poppsfs4za/backend-challenge/internal/adapter/outbound/mongo/user_repository.go:175.2,175.27 1 0
github.com/poppsfs4za/backend-challenge/internal/adapter/outbound/mongo/user_repository.go:175.27,177.3 1 0
github.com/poppsfs4za/backend-challenge/internal/adapter/outbound/mongo/user_repository.go:178.2,178.12 1 0
github.com/poppsfs4za/backend-challenge/internal/adapter/outbound/mongo/user_repository.go:181.68,183.2 1 0
github.com/poppsfs4za/backend-challenge/pkg/validator/validator.go:14.23,16.2 1 0
github.com/poppsfs4za/backend-challenge/pkg/validator/validator.go:19.44,20.39 1 0
github.com/poppsfs4za/backend-challenge/pkg/validator/validator.go:20.39,22.28 2 0
github.com/poppsfs4za/backend-challenge/pkg/validator/validator.go:22.28,24.4 1 0
github.com/poppsfs4za/backend-challenge/pkg/validator/validator.go:25.3,26.26 2 0
github.com/poppsfs4za/backend-challenge/pkg/validator/validator.go:26.26,28.4 1 0
github.com/poppsfs4za/backend-challenge/pkg/validator/validator.go:29.3,29.52 1 0
github.com/poppsfs4za/backend-challenge/pkg/validator/validator.go:31.2,31.12 1 0
github.com/poppsfs4za/backend-challenge/pkg/validator/validator.go:34.67,36.8 2 0
github.com/poppsfs4za/backend-challenge/pkg/validator/validator.go:36.8,38.3 1 0
github.com/poppsfs4za/backend-challenge/pkg/validator/validator.go:39.2,39.11 1 0
github.com/poppsfs4za/backend-challenge/pkg/validator/validator.go:43.46,45.17 2 0
github.com/poppsfs4za/backend-challenge/pkg/validator/validator.go:46.18,47.32 1 0
github.com/poppsfs4za/backend-challenge/pkg/validator/validator.go:48.15,49.50 1 0
github.com/poppsfs4za/backend-challenge/pkg/validator/validator.go:50.13,51.76 1 0
github.com/poppsfs4za/backend-challenge/pkg/validator/validator.go:52.13,53.75 1 0
github.com/poppsfs4za/backend-challenge/pkg/validator/validator.go:54.10,55.31 1 0
github.com/poppsfs4za/backend-challenge/internal/adapter/inbound/rest/dto.go:44.50,51.2 1 1
github.com/poppsfs4za/backend-challenge/internal/adapter/inbound/rest/dto.go:53.56,55.23 2 1
github.com/poppsfs4za/backend-challenge/internal/adapter/inbound/rest/dto.go:55.23,57.3 1 1
github.com/poppsfs4za/backend-challenge/internal/adapter/inbound/rest/dto.go:58.2,58.12 1 1
github.com/poppsfs4za/backend-challenge/internal/adapter/inbound/rest/router.go:10.79,11.46 1 0
github.com/poppsfs4za/backend-challenge/internal/adapter/inbound/rest/router.go:11.46,13.3 1 0
github.com/poppsfs4za/backend-challenge/internal/adapter/inbound/rest/router.go:15.2,28.32 10 0
github.com/poppsfs4za/backend-challenge/internal/adapter/inbound/rest/user_handler.go:17.56,19.2 1 1
github.com/poppsfs4za/backend-challenge/internal/adapter/inbound/rest/user_handler.go:22.54,24.49 2 1
github.com/poppsfs4za/backend-challenge/internal/adapter/inbound/rest/user_handler.go:24.49,26.3 1 1
github.com/poppsfs4za/backend-challenge/internal/adapter/inbound/rest/user_handler.go:28.2,33.16 2 1
github.com/poppsfs4za/backend-challenge/internal/adapter/inbound/rest/user_handler.go:33.16,35.3 1 1
github.com/poppsfs4za/backend-challenge/internal/adapter/inbound/rest/user_handler.go:36.2,36.54 1 1
github.com/poppsfs4za/backend-challenge/internal/adapter/inbound/rest/user_handler.go:40.51,42.49 2 1
github.com/poppsfs4za/backend-challenge/internal/adapter/inbound/rest/user_handler.go:42.49,44.3 1 0
github.com/poppsfs4za/backend-challenge/internal/adapter/inbound/rest/user_handler.go:46.2,47.16 2 1
github.com/poppsfs4za/backend-challenge/internal/adapter/inbound/rest/user_handler.go:47.16,49.3 1 1
github.com/poppsfs4za/backend-challenge/internal/adapter/inbound/rest/user_handler.go:51.2,56.4 1 1
github.com/poppsfs4za/backend-challenge/internal/adapter/inbound/rest/user_handler.go:60.52,62.49 2 0
github.com/poppsfs4za/backend-challenge/internal/adapter/inbound/rest/user_handler.go:62.49,64.3 1 0
github.com/poppsfs4za/backend-challenge/internal/adapter/inbound/rest/user_handler.go:66.2,71.16 2 0
github.com/poppsfs4za/backend-challenge/internal/adapter/inbound/rest/user_handler.go:71.16,73.3 1 0
github.com/poppsfs4za/backend-challenge/internal/adapter/inbound/rest/user_handler.go:74.2,74.54 1 0
github.com/poppsfs4za/backend-challenge/internal/adapter/inbound/rest/user_handler.go:78.50,80.16 2 1
github.com/poppsfs4za/backend-challenge/internal/adapter/inbound/rest/user_handler.go:80.16,82.3 1 1
github.com/poppsfs4za/backend-challenge/internal/adapter/inbound/rest/user_handler.go:83.2,86.4 1 1
github.com/poppsfs4za/backend-challenge/internal/adapter/inbound/rest/user_handler.go:90.53,92.16 2 1
github.com/poppsfs4za/backend-challenge/internal/adapter/inbound/rest/user_handler.go:92.16,94.3 1 1
github.com/poppsfs4za/backend-challenge/internal/adapter/inbound/rest/user_handler.go:95.2,95.49 1 0
github.com/poppsfs4za/backend-challenge/internal/adapter/inbound/rest/user_handler.go:99.52,101.49 2 1
github.com/poppsfs4za/backend-challenge/internal/adapter/inbound/rest/user_handler.go:101.49,103.3 1 0
github.com/poppsfs4za/backend-challenge/internal/adapter/inbound/rest/user_handler.go:104.2,104.39 1 1
github.com/poppsfs4za/backend-challenge/internal/adapter/inbound/rest/user_handler.go:104.39,106.3 1 1
github.com/poppsfs4za/backend-challenge/internal/adapter/inbound/rest/user_handler.go:108.2,109.16 2 0
github.com/poppsfs4za/backend-challenge/internal/adapter/inbound/rest/user_handler.go:109.16,111.3 1 0
github.com/poppsfs4za/backend-challenge/internal/adapter/inbound/rest/user_handler.go:112.2,112.49 1 0
github.com/poppsfs4za/backend-challenge/internal/adapter/inbound/rest/user_handler.go:116.52,117.75 1 1
github.com/poppsfs4za/backend-challenge/internal/adapter/inbound/rest/user_handler.go:117.75,119.3 1 0
github.com/poppsfs4za/backend-challenge/internal/adapter/inbound/rest/user_handler.go:120.2,120.42 1 1
github.com/poppsfs4za/backend-challenge/internal/adapter/inbound/rest/user_handler.go:123.53,124.36 1 1
github.com/poppsfs4za/backend-challenge/internal/adapter/inbound/rest/user_handler.go:124.36,126.3 1 1
github.com/poppsfs4za/backend-challenge/internal/adapter/inbound/rest/user_handler.go:127.2,127.40 1 1
github.com/poppsfs4za/backend-challenge/internal/adapter/inbound/rest/user_handler.go:127.40,129.3 1 1
github.com/poppsfs4za/backend-challenge/internal/adapter/inbound/rest/user_handler.go:130.2,130.12 1 1
github.com/poppsfs4za/backend-challenge/internal/adapter/inbound/rest/user_handler.go:135.32,136.9 1 1
github.com/poppsfs4za/backend-challenge/internal/adapter/inbound/rest/user_handler.go:137.42,138.61 1 1
github.com/poppsfs4za/backend-challenge/internal/adapter/inbound/rest/user_handler.go:139.52,140.61 1 1
github.com/poppsfs4za/backend-challenge/internal/adapter/inbound/rest/user_handler.go:141.52,142.65 1 1
github.com/poppsfs4za/backend-challenge/internal/adapter/inbound/rest/user_handler.go:143.43,144.63 1 1
github.com/poppsfs4za/backend-challenge/internal/adapter/inbound/rest/user_handler.go:145.10,147.84 1 1
github.com/poppsfs4za/backend-challenge/internal/core/service/user_counter.go:17.80,19.2 1 0
github.com/poppsfs4za/backend-challenge/internal/core/service/user_counter.go:22.50,28.6 4 0
github.com/poppsfs4za/backend-challenge/internal/core/service/user_counter.go:28.6,29.10 1 0
github.com/poppsfs4za/backend-challenge/internal/core/service/user_counter.go:30.21,32.10 2 0
github.com/poppsfs4za/backend-challenge/internal/core/service/user_counter.go:34.19,40.18 4 0
github.com/poppsfs4za/backend-challenge/internal/core/service/user_counter.go:40.18,42.13 2 0
github.com/poppsfs4za/backend-challenge/internal/core/service/user_counter.go:44.4,44.52 1 0
github.com/poppsfs4za/backend-challenge/internal/core/service/user_service.go:22.85,24.2 1 1
github.com/poppsfs4za/backend-challenge/internal/core/service/user_service.go:26.98,31.9 3 1
github.com/poppsfs4za/backend-challenge/internal/core/service/user_service.go:32.18,33.43 1 1
github.com/poppsfs4za/backend-challenge/internal/core/service/user_service.go:34.43,35.18 1 0
github.com/poppsfs4za/backend-challenge/internal/core/service/user_service.go:39.2,40.16 2 1
github.com/poppsfs4za/backend-challenge/internal/core/service/user_service.go:40.16,42.3 1 0
github.com/poppsfs4za/backend-challenge/internal/core/service/user_service.go:44.2,51.46 2 1
github.com/poppsfs4za/backend-challenge/internal/core/service/user_service.go:51.46,53.3 1 0
github.com/poppsfs4za/backend-challenge/internal/core/service/user_service.go:54.2,54.15 1 1
github.com/poppsfs4za/backend-challenge/internal/core/service/user_service.go:57.100,59.16 2 1
github.com/poppsfs4za/backend-challenge/internal/core/service/user_service.go:59.16,62.41 1 1
github.com/poppsfs4za/backend-challenge/internal/core/service/user_service.go:62.41,64.4 1 1
github.com/poppsfs4za/backend-challenge/internal/core/service/user_service.go:65.3,65.18 1 0
github.com/poppsfs4za/backend-challenge/internal/core/service/user_service.go:68.2,68.49 1 1
github.com/poppsfs4za/backend-challenge/internal/core/service/user_service.go:68.49,70.3 1 1
github.com/poppsfs4za/backend-challenge/internal/core/service/user_service.go:72.2,73.16 2 1
github.com/poppsfs4za/backend-challenge/internal/core/service/user_service.go:73.16,75.3 1 1
github.com/poppsfs4za/backend-challenge/internal/core/service/user_service.go:77.2,77.72 1 1
github.com/poppsfs4za/backend-challenge/internal/core/service/user_service.go:81.96,83.2 1 0
github.com/poppsfs4za/backend-challenge/internal/core/service/user_service.go:85.85,87.2 1 1
github.com/poppsfs4za/backend-challenge/internal/core/service/user_service.go:89.73,91.2 1 1
github.com/poppsfs4za/backend-challenge/internal/core/service/user_service.go:93.97,96.17 2 1
github.com/poppsfs4za/backend-challenge/internal/core/service/user_service.go:96.17,101.10 3 1
github.com/poppsfs4za/backend-challenge/internal/core/service/user_service.go:102.40,103.44 1 1
github.com/poppsfs4za/backend-challenge/internal/core/service/user_service.go:104.58,105.19 1 0
github.com/poppsfs4za/backend-challenge/internal/core/service/user_service.go:109.2,109.44 1 1
github.com/poppsfs4za/backend-challenge/internal/core/service/user_service.go:112.68,114.2 1 1
github.com/poppsfs4za/backend-challenge/internal/core/service/user_service.go:116.65,118.2 1 1
github.com/poppsfs4za/backend-challenge/internal/core/service/user_service.go:120.38,122.2 1 1
